Loading dataset...

Evaluating models on 5-fold CV...
Fold 1: Maj=66.7%, XGB=66.7%, CB=66.7%
Fold 2: Maj=21.9%, XGB=21.9%, CB=21.9%
Fold 3: Maj=21.1%, XGB=31.6%, CB=52.6%
Fold 4: Maj=0.0%, XGB=23.6%, CB=36.4%
Fold 5: Maj=92.3%, XGB=84.6%, CB=92.3%

Summary Statistics (Mean +/- Std):
Majority: 40.4% +/- 33.9%
XGBoost:  45.7% +/- 25.3%
CodeBERT: 54.0% +/- 24.4%

Statistical Significance (Paired t-test):
CodeBERT vs XGBoost:
  t-statistic: 2.0724
  p-value: 0.1069
  Cohen's d: 0.2984
CodeBERT vs Majority:
  t-statistic: 1.6263
  p-value: 0.1792
  Cohen's d: 0.4119
XGBoost vs Majority:
  t-statistic: 0.9759
  p-value: 0.3844
  Cohen's d: 0.1584
